// Jest Snapshot v1, https://goo.gl/fbAQLP

exports[`Header should match snapshot 1`] = `
<div
  style={
    Object {
      "background": "#339988",
      "marginBottom": "1.45rem",
    }
  }
>
  <div
    style={
      Object {
        "display": "flex",
        "margin": "0 auto",
        "maxWidth": 960,
        "padding": "1.45rem 1.0875rem",
      }
    }
  >
    <h1
      style={
        Object {
          "flex": "1 1 auto",
          "margin": 0,
        }
      }
    >
      <a
        href="/"
        style={
          Object {
            "color": "white",
            "textDecoration": "none",
          }
        }
      >
        Ricool's Blog
      </a>
    </h1>
    <div />
  </div>
</div>
`;
