// Jest Snapshot v1, https://goo.gl/fbAQLP

exports[`Image should match the snapshot 1`] = `
<div
  className=" gatsby-image-wrapper"
  style={
    Object {
      "overflow": "hidden",
      "position": "relative",
    }
  }
>
  <div
    style={
      Object {
        "paddingBottom": "100%",
        "width": "100%",
      }
    }
  />
  <picture>
    <source
      sizes="(max-width: 300px) 100vw, 300px"
      srcSet="liontraceroar.png"
    />
    <img
      alt=""
      onLoad={[Function]}
      src="liontraceroar.png"
      style={
        Object {
          "height": "100%",
          "left": 0,
          "objectFit": "cover",
          "objectPosition": "center",
          "opacity": 0,
          "position": "absolute",
          "top": 0,
          "transition": "opacity 0.5s",
          "width": "100%",
        }
      }
    />
  </picture>
  <noscript
    dangerouslySetInnerHTML={
      Object {
        "__html": "<picture><source srcSet=\\"liontraceroar.png\\" sizes=\\"(max-width: 300px) 100vw, 300px\\" /><img src=\\"liontraceroar.png\\" alt=\\"\\" style=\\"position:absolute;top:0;left:0;transition:opacity 0.5s;transition-delay:0.5s;opacity:1;width:100%;height:100%;object-fit:cover;object-position:center\\"/></picture>",
      }
    }
  />
</div>
`;
