// Jest Snapshot v1, https://goo.gl/fbAQLP

exports[`SocialLinks should match the snapshot 1`] = `
Array [
  <div
    style={
      Object {
        "marginLeft": 1,
        "width": 50,
      }
    }
  >
    <a
      href="https://github.com/Ricool06"
    >
      <div
        className=" gatsby-image-wrapper"
        style={
          Object {
            "overflow": "hidden",
            "position": "relative",
          }
        }
      >
        <div
          style={
            Object {
              "paddingBottom": "100%",
              "width": "100%",
            }
          }
        />
        <picture>
          <source
            sizes="(max-width: 300px) 100vw, 300px"
            srcSet="/static/472739dfb5857b1f659f4c4c6b4568d0/d7cee/github.png"
          />
          <img
            alt=""
            loading="lazy"
            onLoad={[Function]}
            sizes="(max-width: 300px) 100vw, 300px"
            src="/static/472739dfb5857b1f659f4c4c6b4568d0/d7cee/github.png"
            srcSet="/static/472739dfb5857b1f659f4c4c6b4568d0/d7cee/github.png"
            style={
              Object {
                "height": "100%",
                "left": 0,
                "objectFit": "cover",
                "objectPosition": "center",
                "opacity": 0,
                "position": "absolute",
                "top": 0,
                "transition": "opacity 500ms",
                "width": "100%",
              }
            }
          />
        </picture>
        <noscript
          dangerouslySetInnerHTML={
            Object {
              "__html": "<picture><source srcset=\\"/static/472739dfb5857b1f659f4c4c6b4568d0/d7cee/github.png\\" sizes=\\"(max-width: 300px) 100vw, 300px\\" /><img loading=\\"lazy\\" sizes=\\"(max-width: 300px) 100vw, 300px\\" srcset=\\"/static/472739dfb5857b1f659f4c4c6b4568d0/d7cee/github.png\\" src=\\"/static/472739dfb5857b1f659f4c4c6b4568d0/d7cee/github.png\\" alt=\\"\\" style=\\"position:absolute;top:0;left:0;opacity:1;width:100%;height:100%;object-fit:cover;object-position:center\\"/></picture>",
            }
          }
        />
      </div>
    </a>
  </div>,
  <div
    style={
      Object {
        "marginLeft": 1,
        "width": 50,
      }
    }
  >
    <a
      href="https://twitter.com/Ricool06"
    >
      <div
        className=" gatsby-image-wrapper"
        style={
          Object {
            "overflow": "hidden",
            "position": "relative",
          }
        }
      >
        <div
          style={
            Object {
              "paddingBottom": "100%",
              "width": "100%",
            }
          }
        />
        <picture>
          <source
            sizes="(max-width: 300px) 100vw, 300px"
            srcSet="/static/d73d21cfc1df81e923d62e220e790022/045aa/twitter.png"
          />
          <img
            alt=""
            loading="lazy"
            onLoad={[Function]}
            sizes="(max-width: 300px) 100vw, 300px"
            src="/static/d73d21cfc1df81e923d62e220e790022/045aa/twitter.png"
            srcSet="/static/d73d21cfc1df81e923d62e220e790022/045aa/twitter.png"
            style={
              Object {
                "height": "100%",
                "left": 0,
                "objectFit": "cover",
                "objectPosition": "center",
                "opacity": 0,
                "position": "absolute",
                "top": 0,
                "transition": "opacity 500ms",
                "width": "100%",
              }
            }
          />
        </picture>
        <noscript
          dangerouslySetInnerHTML={
            Object {
              "__html": "<picture><source srcset=\\"/static/d73d21cfc1df81e923d62e220e790022/045aa/twitter.png\\" sizes=\\"(max-width: 300px) 100vw, 300px\\" /><img loading=\\"lazy\\" sizes=\\"(max-width: 300px) 100vw, 300px\\" srcset=\\"/static/d73d21cfc1df81e923d62e220e790022/045aa/twitter.png\\" src=\\"/static/d73d21cfc1df81e923d62e220e790022/045aa/twitter.png\\" alt=\\"\\" style=\\"position:absolute;top:0;left:0;opacity:1;width:100%;height:100%;object-fit:cover;object-position:center\\"/></picture>",
            }
          }
        />
      </div>
    </a>
  </div>,
]
`;
