// Jest Snapshot v1, https://goo.gl/fbAQLP

exports[`IndexPage should have a correctly configured StaticQuery component for default export 1`] = `
Array [
  <div
    style={
      Object {
        "background": "#339988",
        "marginBottom": "1.45rem",
      }
    }
  >
    <div
      style={
        Object {
          "display": "flex",
          "margin": "0 auto",
          "maxWidth": 960,
          "padding": "1.45rem 1.0875rem",
        }
      }
    >
      <h1
        style={
          Object {
            "flex": "1 1 auto",
            "margin": 0,
          }
        }
      >
        <a
          href="/"
          style={
            Object {
              "color": "white",
              "textDecoration": "none",
            }
          }
        >
          Ricool's Blog
        </a>
      </h1>
      <div />
    </div>
  </div>,
  <div
    style={
      Object {
        "margin": "0 auto",
        "maxWidth": 960,
        "padding": "0px 1.0875rem 1.45rem",
        "paddingTop": 0,
      }
    }
  >
    <div>
      <div
        className="sc-bdVaJa crvamO"
      >
        <a
          href="/work-based-learning-week-1"
        >
          <h2>
            My first blog post
          </h2>
          <div
            className="post-content"
          >
            <h4>
              February 10, 2019
            </h4>
            <p>
              The start of some blog entry...
            </p>
          </div>
          <hr />
        </a>
      </div>
      <div
        className="sc-bdVaJa crvamO"
      >
        <a
          href="/work-based-learning-week-2"
        >
          <h2>
            My second blog post
          </h2>
          <div
            className="post-content"
          >
            <h4>
              February 11, 2019
            </h4>
            <p>
              The start of some other blog entry...
            </p>
          </div>
          <hr />
        </a>
      </div>
    </div>
    <footer>
      Â©
      2019
      , Built with
       
      <a
        href="https://www.gatsbyjs.org"
      >
        Gatsby
      </a>
    </footer>
  </div>,
]
`;
